---
source: tests/integration_tests.rs
expression: stdout
---
_libgcc_mutex 0.1-conda_forge (linux-64): None (Non-SPDX)
_openmp_mutex 4.5-2_gnu (linux-aarch64): BSD-3-Clause 
_openmp_mutex 4.5-2_gnu (linux-64): BSD-3-Clause 
_openmp_mutex 4.5-2_gnu (linux-aarch64): BSD-3-Clause 
_openmp_mutex 4.5-2_gnu (linux-64): BSD-3-Clause 
_sysroot_linux-aarch64_curr_repodata_hack 4-h57d6b7b_14 (noarch): LGPL-2.0-or-later AND LGPL-2.0-or-later WITH exceptions AND GPL-2.0-or-later AND MPL-2.0 (Non-SPDX)
archspec 0.2.3-pyhd8ed1ab_0 (noarch): MIT OR Apache-2.0 
binutils 2.40-hf1166c9_7 (linux-aarch64): GPL-3.0-only 
binutils 2.40-h4852527_7 (linux-64): GPL-3.0-only 
binutils_impl_linux-64 2.40-ha1999f0_7 (linux-64): GPL-3.0-only 
binutils_impl_linux-aarch64 2.40-hf54a868_7 (linux-aarch64): GPL-3.0-only 
binutils_linux-64 2.40-hb3c18ed_9 (linux-64): BSD-3-Clause 
binutils_linux-aarch64 2.40-h1f91aba_9 (linux-aarch64): BSD-3-Clause 
boltons 24.0.0-pyhd8ed1ab_0 (noarch): BSD-3-Clause 
brotli-python 1.1.0-py312h53d5487_1 (win-64): MIT 
brotli-python 1.1.0-py312heafc425_1 (osx-64): MIT 
brotli-python 1.1.0-py312h2aa54b4_1 (linux-aarch64): MIT 
brotli-python 1.1.0-py312h9f69965_1 (osx-arm64): MIT 
brotli-python 1.1.0-py312h30efb56_1 (linux-64): MIT 
bzip2 1.0.8-hcfcfb64_5 (win-64): bzip2-1.0.6 
bzip2 1.0.8-h10d778d_5 (osx-64): bzip2-1.0.6 
bzip2 1.0.8-h31becfc_5 (linux-aarch64): bzip2-1.0.6 
bzip2 1.0.8-h93a5062_5 (osx-arm64): bzip2-1.0.6 
bzip2 1.0.8-hd590300_5 (linux-64): bzip2-1.0.6 
bzip2 1.0.8-hcfcfb64_5 (win-64): bzip2-1.0.6 
bzip2 1.0.8-h10d778d_5 (osx-64): bzip2-1.0.6 
bzip2 1.0.8-h31becfc_5 (linux-aarch64): bzip2-1.0.6 
bzip2 1.0.8-h93a5062_5 (osx-arm64): bzip2-1.0.6 
bzip2 1.0.8-hd590300_5 (linux-64): bzip2-1.0.6 
c-ares 1.28.1-h10d778d_0 (osx-64): MIT 
c-ares 1.28.1-h31becfc_0 (linux-aarch64): MIT 
c-ares 1.28.1-h93a5062_0 (osx-arm64): MIT 
c-ares 1.28.1-hd590300_0 (linux-64): MIT 
c-compiler 1.7.0-h31becfc_1 (linux-aarch64): BSD-3-Clause 
c-compiler 1.7.0-hd590300_1 (linux-64): BSD-3-Clause 
ca-certificates 2024.6.2-h56e8100_0 (win-64): ISC 
ca-certificates 2024.6.2-h8857fd0_0 (osx-64): ISC 
ca-certificates 2024.6.2-hcefe29a_0 (linux-aarch64): ISC 
ca-certificates 2024.6.2-hf0a4a13_0 (osx-arm64): ISC 
ca-certificates 2024.6.2-hbcca054_0 (linux-64): ISC 
ca-certificates 2024.6.2-h56e8100_0 (win-64): ISC 
ca-certificates 2024.6.2-h8857fd0_0 (osx-64): ISC 
ca-certificates 2024.6.2-hcefe29a_0 (linux-aarch64): ISC 
ca-certificates 2024.6.2-hf0a4a13_0 (osx-arm64): ISC 
ca-certificates 2024.6.2-hbcca054_0 (linux-64): ISC 
certifi 2024.6.2-pyhd8ed1ab_0 (noarch): ISC 
cffi 1.16.0-py312he70551f_0 (win-64): MIT 
cffi 1.16.0-py312h38bf5a0_0 (osx-64): MIT 
cffi 1.16.0-py312hf3c74c0_0 (linux-aarch64): MIT 
cffi 1.16.0-py312h8e38eb3_0 (osx-arm64): MIT 
cffi 1.16.0-py312hf06ca03_0 (linux-64): MIT 
cffi 1.16.0-py312he70551f_0 (win-64): MIT 
cffi 1.16.0-py312h38bf5a0_0 (osx-64): MIT 
cffi 1.16.0-py312hf3c74c0_0 (linux-aarch64): MIT 
cffi 1.16.0-py312h8e38eb3_0 (osx-arm64): MIT 
cffi 1.16.0-py312hf06ca03_0 (linux-64): MIT 
cfgv 3.3.1-pyhd8ed1ab_0 (noarch): MIT 
charset-normalizer 3.3.2-pyhd8ed1ab_0 (noarch): MIT 
colorama 0.4.6-pyhd8ed1ab_0 (noarch): BSD-3-Clause 
compilers 1.7.0-h8af1aa0_1 (linux-aarch64): BSD-3-Clause 
compilers 1.7.0-ha770c72_1 (linux-64): BSD-3-Clause 
conda 24.5.0-py312h2e8e312_0 (win-64): BSD-3-Clause 
conda 24.5.0-py312hb401068_0 (osx-64): BSD-3-Clause 
conda 24.5.0-py312h996f985_0 (linux-aarch64): BSD-3-Clause 
conda 24.5.0-py312h81bd7bf_0 (osx-arm64): BSD-3-Clause 
conda 24.5.0-py312h7900ff3_0 (linux-64): BSD-3-Clause 
conda-libmamba-solver 24.1.0-pyhd8ed1ab_0 (noarch): BSD-3-Clause 
conda-package-handling 2.3.0-pyh7900ff3_0 (noarch): BSD-3-Clause 
conda-package-streaming 0.10.0-pyhd8ed1ab_0 (noarch): BSD-3-Clause 
cxx-compiler 1.7.0-h2a328a1_1 (linux-aarch64): BSD-3-Clause 
cxx-compiler 1.7.0-h00ab1b0_1 (linux-64): BSD-3-Clause 
distlib 0.3.8-pyhd8ed1ab_0 (noarch): Apache-2.0 
distro 1.9.0-pyhd8ed1ab_0 (noarch): Apache-2.0 
filelock 3.15.4-pyhd8ed1ab_0 (noarch): Unlicense 
fmt 10.2.1-h181d51b_0 (win-64): MIT 
fmt 10.2.1-h7728843_0 (osx-64): MIT 
fmt 10.2.1-h2a328a1_0 (linux-aarch64): MIT 
fmt 10.2.1-h2ffa867_0 (osx-arm64): MIT 
fmt 10.2.1-h00ab1b0_0 (linux-64): MIT 
fortran-compiler 1.7.0-h7048d53_1 (linux-aarch64): BSD-3-Clause 
fortran-compiler 1.7.0-heb67821_1 (linux-64): BSD-3-Clause 
frozendict 2.4.4-py312h4389bb4_0 (win-64): LGPL-3.0-only 
frozendict 2.4.4-py312hbd25219_0 (osx-64): LGPL-3.0-only 
frozendict 2.4.4-py312h396f95a_0 (linux-aarch64): LGPL-3.0-only 
frozendict 2.4.4-py312h7e5086c_0 (osx-arm64): LGPL-3.0-only 
frozendict 2.4.4-py312h9a8786e_0 (linux-64): LGPL-3.0-only 
gcc 12.3.0-hdb0cc85_13 (linux-aarch64): BSD-3-Clause 
gcc 12.3.0-h915e2ae_13 (linux-64): BSD-3-Clause 
gcc_impl_linux-64 12.3.0-h58ffeeb_13 (linux-64): GPL-3.0-only WITH GCC-exception-3.1 
gcc_impl_linux-aarch64 12.3.0-h3d98823_13 (linux-aarch64): GPL-3.0-only WITH GCC-exception-3.1 
gcc_linux-64 12.3.0-h9528a6a_9 (linux-64): BSD-3-Clause 
gcc_linux-aarch64 12.3.0-ha52a6ea_9 (linux-aarch64): BSD-3-Clause 
gfortran 12.3.0-hdb0cc85_13 (linux-aarch64): BSD-3-Clause 
gfortran 12.3.0-h915e2ae_13 (linux-64): BSD-3-Clause 
gfortran_impl_linux-64 12.3.0-h8f2110c_13 (linux-64): GPL-3.0-only WITH GCC-exception-3.1 
gfortran_impl_linux-aarch64 12.3.0-h97ebfd2_13 (linux-aarch64): GPL-3.0-only WITH GCC-exception-3.1 
gfortran_linux-64 12.3.0-h5877db1_9 (linux-64): BSD-3-Clause 
gfortran_linux-aarch64 12.3.0-ha7b8e4b_9 (linux-aarch64): BSD-3-Clause 
gxx 12.3.0-hdb0cc85_13 (linux-aarch64): BSD-3-Clause 
gxx 12.3.0-h915e2ae_13 (linux-64): BSD-3-Clause 
gxx_impl_linux-64 12.3.0-h2a574ab_13 (linux-64): GPL-3.0-only WITH GCC-exception-3.1 
gxx_impl_linux-aarch64 12.3.0-hba91e99_13 (linux-aarch64): GPL-3.0-only WITH GCC-exception-3.1 
gxx_linux-64 12.3.0-ha28b414_9 (linux-64): BSD-3-Clause 
gxx_linux-aarch64 12.3.0-h9d1f256_9 (linux-aarch64): BSD-3-Clause 
h2 4.1.0-pyhd8ed1ab_0 (noarch): MIT 
hpack 4.0.0-pyh9f0ad1d_0 (noarch): MIT 
hyperframe 6.0.1-pyhd8ed1ab_0 (noarch): MIT 
icu 73.2-hf5e326d_0 (osx-64): MIT 
icu 73.2-h787c7f5_0 (linux-aarch64): MIT 
icu 73.2-hc8870d7_0 (osx-arm64): MIT 
icu 73.2-h59595ed_0 (linux-64): MIT 
icu 73.2-hf5e326d_0 (osx-64): MIT 
icu 73.2-h787c7f5_0 (linux-aarch64): MIT 
icu 73.2-hc8870d7_0 (osx-arm64): MIT 
icu 73.2-h59595ed_0 (linux-64): MIT 
identify 2.5.36-pyhd8ed1ab_0 (noarch): MIT 
idna 3.7-pyhd8ed1ab_0 (noarch): BSD-3-Clause 
jsonpatch 1.33-pyhd8ed1ab_0 (noarch): BSD-3-Clause 
jsonpointer 3.0.0-py312h2e8e312_0 (win-64): BSD-3-Clause 
jsonpointer 3.0.0-py312hb401068_0 (osx-64): BSD-3-Clause 
jsonpointer 3.0.0-py312h996f985_0 (linux-aarch64): BSD-3-Clause 
jsonpointer 3.0.0-py312h81bd7bf_0 (osx-arm64): BSD-3-Clause 
jsonpointer 3.0.0-py312h7900ff3_0 (linux-64): BSD-3-Clause 
k9s 0.40.5-h36c15f3_1 (win-64): Apache-2.0 
k9s 0.40.5-hc7f0b10_1 (osx-64): Apache-2.0 
k9s 0.40.5-hd24410f_1 (linux-aarch64): Apache-2.0 
k9s 0.40.5-h87715bd_1 (osx-arm64): Apache-2.0 
k9s 0.40.5-he91c749_1 (linux-64): Apache-2.0 
kernel-headers_linux-64 2.6.32-he073ed8_17 (noarch): LGPL-2.0-or-later AND LGPL-2.0-or-later WITH exceptions AND GPL-2.0-or-later AND MPL-2.0 (Non-SPDX)
kernel-headers_linux-aarch64 4.18.0-h5b4a56d_14 (noarch): LGPL-2.0-or-later AND LGPL-2.0-or-later WITH exceptions AND GPL-2.0-or-later AND MPL-2.0 (Non-SPDX)
keyutils 1.6.1-h4e544f5_0 (linux-aarch64): LGPL-2.1-or-later 
keyutils 1.6.1-h166bdaf_0 (linux-64): LGPL-2.1-or-later 
krb5 1.21.3-hdf4eb48_0 (win-64): MIT 
krb5 1.21.3-h37d8d59_0 (osx-64): MIT 
krb5 1.21.3-h50a48e9_0 (linux-aarch64): MIT 
krb5 1.21.3-h237132a_0 (osx-arm64): MIT 
krb5 1.21.3-h659f571_0 (linux-64): MIT 
ld_impl_linux-64 2.40-hf3520f5_7 (linux-64): GPL-3.0-only 
ld_impl_linux-aarch64 2.40-h9fc2d93_7 (linux-aarch64): GPL-3.0-only 
libarchive 3.7.4-haf234dc_0 (win-64): BSD-2-Clause 
libarchive 3.7.4-h20e244c_0 (osx-64): BSD-2-Clause 
libarchive 3.7.4-h2c0effa_0 (linux-aarch64): BSD-2-Clause 
libarchive 3.7.4-h83d404f_0 (osx-arm64): BSD-2-Clause 
libarchive 3.7.4-hfca40fe_0 (linux-64): BSD-2-Clause 
libcurl 8.8.0-hd5e4a3a_1 (win-64): curl 
libcurl 8.8.0-hf9fcc65_1 (osx-64): curl 
libcurl 8.8.0-h4e8248e_1 (linux-aarch64): curl 
libcurl 8.8.0-h7b6f9a7_1 (osx-arm64): curl 
libcurl 8.8.0-hca28451_1 (linux-64): curl 
libcxx 17.0.6-h88467a6_0 (osx-64): Apache-2.0 WITH LLVM-exception 
libcxx 17.0.6-h5f092b4_0 (osx-arm64): Apache-2.0 WITH LLVM-exception 
libcxx 17.0.6-h88467a6_0 (osx-64): Apache-2.0 WITH LLVM-exception 
libcxx 17.0.6-h5f092b4_0 (osx-arm64): Apache-2.0 WITH LLVM-exception 
libedit 3.1.20191231-h0678c8f_2 (osx-64): BSD-2-Clause 
libedit 3.1.20191231-he28a2e2_2 (linux-aarch64): BSD-2-Clause 
libedit 3.1.20191231-hc8eb9b7_2 (osx-arm64): BSD-2-Clause 
libedit 3.1.20191231-he28a2e2_2 (linux-64): BSD-2-Clause 
libev 4.33-h10d778d_2 (osx-64): BSD-2-Clause 
libev 4.33-h31becfc_2 (linux-aarch64): BSD-2-Clause 
libev 4.33-h93a5062_2 (osx-arm64): BSD-2-Clause 
libev 4.33-hd590300_2 (linux-64): BSD-2-Clause 
libexpat 2.6.2-h63175ca_0 (win-64): MIT 
libexpat 2.6.2-h73e2aa4_0 (osx-64): MIT 
libexpat 2.6.2-h2f0025b_0 (linux-aarch64): MIT 
libexpat 2.6.2-hebf3989_0 (osx-arm64): MIT 
libexpat 2.6.2-h59595ed_0 (linux-64): MIT 
libexpat 2.6.2-h63175ca_0 (win-64): MIT 
libexpat 2.6.2-h73e2aa4_0 (osx-64): MIT 
libexpat 2.6.2-h2f0025b_0 (linux-aarch64): MIT 
libexpat 2.6.2-hebf3989_0 (osx-arm64): MIT 
libexpat 2.6.2-h59595ed_0 (linux-64): MIT 
libffi 3.4.2-h8ffe710_5 (win-64): MIT 
libffi 3.4.2-h0d85af4_5 (osx-64): MIT 
libffi 3.4.2-h3557bc0_5 (linux-aarch64): MIT 
libffi 3.4.2-h3422bc3_5 (osx-arm64): MIT 
libffi 3.4.2-h7f98852_5 (linux-64): MIT 
libffi 3.4.2-h8ffe710_5 (win-64): MIT 
libffi 3.4.2-h0d85af4_5 (osx-64): MIT 
libffi 3.4.2-h3557bc0_5 (linux-aarch64): MIT 
libffi 3.4.2-h3422bc3_5 (osx-arm64): MIT 
libffi 3.4.2-h7f98852_5 (linux-64): MIT 
libgcc-devel_linux-64 12.3.0-h6b66f73_113 (noarch): GPL-3.0-only WITH GCC-exception-3.1 
libgcc-devel_linux-aarch64 12.3.0-h6144e03_113 (noarch): GPL-3.0-only WITH GCC-exception-3.1 
libgcc-ng 14.1.0-he277a41_0 (linux-aarch64): GPL-3.0-only WITH GCC-exception-3.1 
libgcc-ng 14.1.0-h77fa898_0 (linux-64): GPL-3.0-only WITH GCC-exception-3.1 
libgcc-ng 14.1.0-he277a41_0 (linux-aarch64): GPL-3.0-only WITH GCC-exception-3.1 
libgcc-ng 14.1.0-h77fa898_0 (linux-64): GPL-3.0-only WITH GCC-exception-3.1 
libgfortran5 14.1.0-h9420597_0 (linux-aarch64): GPL-3.0-only WITH GCC-exception-3.1 
libgfortran5 14.1.0-hc5f4f2c_0 (linux-64): GPL-3.0-only WITH GCC-exception-3.1 
libglib 2.80.2-h7025463_1 (win-64): LGPL-2.1-or-later 
libglib 2.80.2-h59d46d9_1 (osx-arm64): LGPL-2.1-or-later 
libgomp 14.1.0-he277a41_0 (linux-aarch64): GPL-3.0-only WITH GCC-exception-3.1 
libgomp 14.1.0-h77fa898_0 (linux-64): GPL-3.0-only WITH GCC-exception-3.1 
libgomp 14.1.0-he277a41_0 (linux-aarch64): GPL-3.0-only WITH GCC-exception-3.1 
libgomp 14.1.0-h77fa898_0 (linux-64): GPL-3.0-only WITH GCC-exception-3.1 
libiconv 1.17-hcfcfb64_2 (win-64): LGPL-2.1-only 
libiconv 1.17-hd75f5a5_2 (osx-64): LGPL-2.1-only 
libiconv 1.17-h31becfc_2 (linux-aarch64): LGPL-2.1-only 
libiconv 1.17-h0d3ecfb_2 (osx-arm64): LGPL-2.1-only 
libiconv 1.17-hd590300_2 (linux-64): LGPL-2.1-only 
libintl 0.22.5-h5728263_2 (win-64): LGPL-2.1-or-later 
libintl 0.22.5-h8fbad5d_2 (osx-arm64): LGPL-2.1-or-later 
libmamba 1.5.8-h3f09ed1_0 (win-64): BSD-3-Clause 
libmamba 1.5.8-ha449628_0 (osx-64): BSD-3-Clause 
libmamba 1.5.8-hea3be6c_0 (linux-aarch64): BSD-3-Clause 
libmamba 1.5.8-h90c426b_0 (osx-arm64): BSD-3-Clause 
libmamba 1.5.8-had39da4_0 (linux-64): BSD-3-Clause 
libmambapy 1.5.8-py312h66cf91f_0 (win-64): BSD-3-Clause 
libmambapy 1.5.8-py312h67f5953_0 (osx-64): BSD-3-Clause 
libmambapy 1.5.8-py312h1e39527_0 (linux-aarch64): BSD-3-Clause 
libmambapy 1.5.8-py312h344e357_0 (osx-arm64): BSD-3-Clause 
libmambapy 1.5.8-py312hd9e9ff6_0 (linux-64): BSD-3-Clause 
libnghttp2 1.58.0-h64cf6d3_1 (osx-64): MIT 
libnghttp2 1.58.0-hb0e430d_1 (linux-aarch64): MIT 
libnghttp2 1.58.0-ha4dd798_1 (osx-arm64): MIT 
libnghttp2 1.58.0-h47da74e_1 (linux-64): MIT 
libnsl 2.0.1-h31becfc_0 (linux-aarch64): LGPL-2.1-only 
libnsl 2.0.1-hd590300_0 (linux-64): LGPL-2.1-only 
libnsl 2.0.1-h31becfc_0 (linux-aarch64): LGPL-2.1-only 
libnsl 2.0.1-hd590300_0 (linux-64): LGPL-2.1-only 
libsanitizer 12.3.0-h57e2e72_13 (linux-aarch64): GPL-3.0-only WITH GCC-exception-3.1 
libsanitizer 12.3.0-hb8811af_13 (linux-64): GPL-3.0-only WITH GCC-exception-3.1 
libsolv 0.7.29-h0ea2cb4_0 (win-64): BSD-3-Clause 
libsolv 0.7.29-h4f92f52_0 (osx-64): BSD-3-Clause 
libsolv 0.7.29-h332ec48_0 (linux-aarch64): BSD-3-Clause 
libsolv 0.7.29-h1efcc80_0 (osx-arm64): BSD-3-Clause 
libsolv 0.7.29-ha6fb4c9_0 (linux-64): BSD-3-Clause 
libsqlite 3.46.0-h2466b09_0 (win-64): Unlicense 
libsqlite 3.46.0-h1b8f9f3_0 (osx-64): Unlicense 
libsqlite 3.46.0-hf51ef55_0 (linux-aarch64): Unlicense 
libsqlite 3.46.0-hfb93653_0 (osx-arm64): Unlicense 
libsqlite 3.46.0-hde9e2c9_0 (linux-64): Unlicense 
libsqlite 3.46.0-h2466b09_0 (win-64): Unlicense 
libsqlite 3.46.0-h1b8f9f3_0 (osx-64): Unlicense 
libsqlite 3.46.0-hf51ef55_0 (linux-aarch64): Unlicense 
libsqlite 3.46.0-hfb93653_0 (osx-arm64): Unlicense 
libsqlite 3.46.0-hde9e2c9_0 (linux-64): Unlicense 
libssh2 1.11.0-h7dfc565_0 (win-64): BSD-3-Clause 
libssh2 1.11.0-hd019ec5_0 (osx-64): BSD-3-Clause 
libssh2 1.11.0-h492db2e_0 (linux-aarch64): BSD-3-Clause 
libssh2 1.11.0-h7a5bd25_0 (osx-arm64): BSD-3-Clause 
libssh2 1.11.0-h0841786_0 (linux-64): BSD-3-Clause 
libstdcxx-devel_linux-64 12.3.0-h6b66f73_113 (noarch): GPL-3.0-only WITH GCC-exception-3.1 
libstdcxx-devel_linux-aarch64 12.3.0-h6144e03_113 (noarch): GPL-3.0-only WITH GCC-exception-3.1 
libstdcxx-ng 14.1.0-h3f4de04_0 (linux-aarch64): GPL-3.0-only WITH GCC-exception-3.1 
libstdcxx-ng 14.1.0-hc0a3c3a_0 (linux-64): GPL-3.0-only WITH GCC-exception-3.1 
libstdcxx-ng 14.1.0-h3f4de04_0 (linux-aarch64): GPL-3.0-only WITH GCC-exception-3.1 
libstdcxx-ng 14.1.0-hc0a3c3a_0 (linux-64): GPL-3.0-only WITH GCC-exception-3.1 
libuuid 2.38.1-hb4cce97_0 (linux-aarch64): BSD-3-Clause 
libuuid 2.38.1-h0b41bf4_0 (linux-64): BSD-3-Clause 
libuuid 2.38.1-hb4cce97_0 (linux-aarch64): BSD-3-Clause 
libuuid 2.38.1-h0b41bf4_0 (linux-64): BSD-3-Clause 
libuv 1.48.0-h67532ce_0 (osx-64): MIT 
libuv 1.48.0-h31becfc_0 (linux-aarch64): MIT 
libuv 1.48.0-h93a5062_0 (osx-arm64): MIT 
libuv 1.48.0-hd590300_0 (linux-64): MIT 
libuv 1.48.0-h67532ce_0 (osx-64): MIT 
libuv 1.48.0-h31becfc_0 (linux-aarch64): MIT 
libuv 1.48.0-h93a5062_0 (osx-arm64): MIT 
libuv 1.48.0-hd590300_0 (linux-64): MIT 
libxcrypt 4.4.36-h31becfc_1 (linux-aarch64): LGPL-2.1-or-later 
libxcrypt 4.4.36-hd590300_1 (linux-64): LGPL-2.1-or-later 
libxcrypt 4.4.36-h31becfc_1 (linux-aarch64): LGPL-2.1-or-later 
libxcrypt 4.4.36-hd590300_1 (linux-64): LGPL-2.1-or-later 
libxml2 2.12.7-h283a6d9_1 (win-64): MIT 
libxml2 2.12.7-h3e169fe_1 (osx-64): MIT 
libxml2 2.12.7-h49dc7a2_1 (linux-aarch64): MIT 
libxml2 2.12.7-ha661575_1 (osx-arm64): MIT 
libxml2 2.12.7-hc051c1a_1 (linux-64): MIT 
libzlib 1.3.1-h2466b09_1 (win-64): Zlib 
libzlib 1.3.1-h87427d6_1 (osx-64): Zlib 
libzlib 1.3.1-h68df207_1 (linux-aarch64): Zlib 
libzlib 1.3.1-hfb2fe0b_1 (osx-arm64): Zlib 
libzlib 1.3.1-h4ab18f5_1 (linux-64): Zlib 
libzlib 1.3.1-h2466b09_1 (win-64): Zlib 
libzlib 1.3.1-h87427d6_1 (osx-64): Zlib 
libzlib 1.3.1-h68df207_1 (linux-aarch64): Zlib 
libzlib 1.3.1-hfb2fe0b_1 (osx-arm64): Zlib 
libzlib 1.3.1-h4ab18f5_1 (linux-64): Zlib 
lz4-c 1.9.4-hcfcfb64_0 (win-64): BSD-2-Clause 
lz4-c 1.9.4-hf0c8a7f_0 (osx-64): BSD-2-Clause 
lz4-c 1.9.4-hd600fc2_0 (linux-aarch64): BSD-2-Clause 
lz4-c 1.9.4-hb7217d7_0 (osx-arm64): BSD-2-Clause 
lz4-c 1.9.4-hcb278e6_0 (linux-64): BSD-2-Clause 
lzo 2.10-hcfcfb64_1001 (win-64): GPL-2.0-or-later 
lzo 2.10-h10d778d_1001 (osx-64): GPL-2.0-or-later 
lzo 2.10-h31becfc_1001 (linux-aarch64): GPL-2.0-or-later 
lzo 2.10-h93a5062_1001 (osx-arm64): GPL-2.0-or-later 
lzo 2.10-hd590300_1001 (linux-64): GPL-2.0-or-later 
m2w64-gcc-libgfortran 5.3.0-6 (win-64): GPL, LGPL, FDL, custom (Non-SPDX)
m2w64-gcc-libs 5.3.0-7 (win-64): GPL3+, partial:GCCRLE, partial:LGPL2+ (Non-SPDX)
m2w64-gcc-libs-core 5.3.0-7 (win-64): GPL3+, partial:GCCRLE, partial:LGPL2+ (Non-SPDX)
m2w64-gmp 6.1.0-2 (win-64): LGPL3 (Non-SPDX)
m2w64-libwinpthread-git 5.0.0.4634.697f757-2 (win-64): MIT, BSD (Non-SPDX)
menuinst 2.1.1-py312h275cf98_0 (win-64): BSD-3-Clause AND MIT 
menuinst 2.1.1-py312hb401068_0 (osx-64): BSD-3-Clause AND MIT 
menuinst 2.1.1-py312h996f985_0 (linux-aarch64): BSD-3-Clause AND MIT 
menuinst 2.1.1-py312h81bd7bf_0 (osx-arm64): BSD-3-Clause AND MIT 
menuinst 2.1.1-py312h7900ff3_0 (linux-64): BSD-3-Clause AND MIT 
micromamba 1.5.8-0 (win-64): BSD-3-Clause AND MIT AND OpenSSL 
micromamba 1.5.8-0 (osx-64): BSD-3-Clause AND MIT AND OpenSSL 
micromamba 1.5.8-0 (linux-aarch64): BSD-3-Clause AND MIT AND OpenSSL 
micromamba 1.5.8-0 (osx-arm64): BSD-3-Clause AND MIT AND OpenSSL 
micromamba 1.5.8-0 (linux-64): BSD-3-Clause AND MIT AND OpenSSL 
msys2-conda-epoch 20160418-1 (win-64): None (Non-SPDX)
ncurses 6.5-h5846eda_0 (osx-64): X11 AND BSD-3-Clause 
ncurses 6.5-h0425590_0 (linux-aarch64): X11 AND BSD-3-Clause 
ncurses 6.5-hb89a1cb_0 (osx-arm64): X11 AND BSD-3-Clause 
ncurses 6.5-h59595ed_0 (linux-64): X11 AND BSD-3-Clause 
ncurses 6.5-h5846eda_0 (osx-64): X11 AND BSD-3-Clause 
ncurses 6.5-h0425590_0 (linux-aarch64): X11 AND BSD-3-Clause 
ncurses 6.5-hb89a1cb_0 (osx-arm64): X11 AND BSD-3-Clause 
ncurses 6.5-h59595ed_0 (linux-64): X11 AND BSD-3-Clause 
nodeenv 1.9.1-pyhd8ed1ab_0 (noarch): BSD-3-Clause 
nodejs 20.12.2-h57928b3_0 (win-64): MIT 
nodejs 20.12.2-hfc0f20e_0 (osx-64): MIT 
nodejs 20.12.2-hc1f8a26_0 (linux-aarch64): MIT 
nodejs 20.12.2-h3b52c9b_0 (osx-arm64): MIT 
nodejs 20.12.2-hb753e55_0 (linux-64): MIT 
nodejs 20.12.2-h57928b3_0 (win-64): MIT 
nodejs 20.12.2-hfc0f20e_0 (osx-64): MIT 
nodejs 20.12.2-hc1f8a26_0 (linux-aarch64): MIT 
nodejs 20.12.2-h3b52c9b_0 (osx-arm64): MIT 
nodejs 20.12.2-hb753e55_0 (linux-64): MIT 
openssl 3.3.1-h2466b09_1 (win-64): Apache-2.0 
openssl 3.3.1-h87427d6_1 (osx-64): Apache-2.0 
openssl 3.3.1-h68df207_1 (linux-aarch64): Apache-2.0 
openssl 3.3.1-hfb2fe0b_1 (osx-arm64): Apache-2.0 
openssl 3.3.1-h4ab18f5_1 (linux-64): Apache-2.0 
openssl 3.3.1-h2466b09_1 (win-64): Apache-2.0 
openssl 3.3.1-h87427d6_1 (osx-64): Apache-2.0 
openssl 3.3.1-h68df207_1 (linux-aarch64): Apache-2.0 
openssl 3.3.1-hfb2fe0b_1 (osx-arm64): Apache-2.0 
openssl 3.3.1-h4ab18f5_1 (linux-64): Apache-2.0 
packaging 24.1-pyhd8ed1ab_0 (noarch): Apache-2.0 
pcre2 10.44-h3d7b363_0 (win-64): BSD-3-Clause 
pcre2 10.44-h297a79d_0 (osx-arm64): BSD-3-Clause 
pkg-config 0.29.2-h2bf4dc2_1008 (win-64): GPL-2.0-or-later 
pkg-config 0.29.2-ha3d46e9_1008 (osx-64): GPL-2.0-or-later 
pkg-config 0.29.2-hb9de7d4_1008 (linux-aarch64): GPL-2.0-or-later 
pkg-config 0.29.2-hab62308_1008 (osx-arm64): GPL-2.0-or-later 
pkg-config 0.29.2-h36c2ea0_1008 (linux-64): GPL-2.0-or-later 
platformdirs 4.2.2-pyhd8ed1ab_0 (noarch): MIT 
pluggy 1.5.0-pyhd8ed1ab_0 (noarch): MIT 
pre-commit 3.7.1-pyha770c72_0 (noarch): MIT 
pre-commit-hooks 4.6.0-pyhd8ed1ab_0 (noarch): MIT 
prettier 3.3.2-hb4d2b26_0 (win-64): MIT 
prettier 3.3.2-hb408824_0 (osx-64): MIT 
prettier 3.3.2-hdbbef84_0 (linux-aarch64): MIT 
prettier 3.3.2-he434342_0 (osx-arm64): MIT 
prettier 3.3.2-h91d9761_0 (linux-64): MIT 
prettier 3.3.2-hb4d2b26_0 (win-64): MIT 
prettier 3.3.2-hb408824_0 (osx-64): MIT 
prettier 3.3.2-hdbbef84_0 (linux-aarch64): MIT 
prettier 3.3.2-he434342_0 (osx-arm64): MIT 
prettier 3.3.2-h91d9761_0 (linux-64): MIT 
pybind11-abi 4-hd8ed1ab_3 (noarch): BSD-3-Clause 
pycosat 0.6.6-py312he70551f_0 (win-64): MIT 
pycosat 0.6.6-py312h104f124_0 (osx-64): MIT 
pycosat 0.6.6-py312hdd3e373_0 (linux-aarch64): MIT 
pycosat 0.6.6-py312h02f2b3b_0 (osx-arm64): MIT 
pycosat 0.6.6-py312h98912ed_0 (linux-64): MIT 
pycparser 2.22-pyhd8ed1ab_0 (noarch): BSD-3-Clause 
pysocks 1.7.1-pyh0701188_6 (noarch): BSD-3-Clause 
pysocks 1.7.1-pyha2e5f31_6 (noarch): BSD-3-Clause 
python 3.12.4-h889d299_0_cpython (win-64): Python-2.0 
python 3.12.4-h37a9e06_0_cpython (osx-64): Python-2.0 
python 3.12.4-h829453d_0_cpython (linux-aarch64): Python-2.0 
python 3.12.4-h30c5eda_0_cpython (osx-arm64): Python-2.0 
python 3.12.4-h194c7f8_0_cpython (linux-64): Python-2.0 
python 3.12.4-h889d299_0_cpython (win-64): Python-2.0 
python 3.12.4-h37a9e06_0_cpython (osx-64): Python-2.0 
python 3.12.4-h829453d_0_cpython (linux-aarch64): Python-2.0 
python 3.12.4-h30c5eda_0_cpython (osx-arm64): Python-2.0 
python 3.12.4-h194c7f8_0_cpython (linux-64): Python-2.0 
python_abi 3.12-4_cp312 (win-64): BSD-3-Clause 
python_abi 3.12-4_cp312 (osx-64): BSD-3-Clause 
python_abi 3.12-4_cp312 (linux-aarch64): BSD-3-Clause 
python_abi 3.12-4_cp312 (osx-arm64): BSD-3-Clause 
python_abi 3.12-4_cp312 (linux-64): BSD-3-Clause 
python_abi 3.12-4_cp312 (win-64): BSD-3-Clause 
python_abi 3.12-4_cp312 (osx-64): BSD-3-Clause 
python_abi 3.12-4_cp312 (linux-aarch64): BSD-3-Clause 
python_abi 3.12-4_cp312 (osx-arm64): BSD-3-Clause 
python_abi 3.12-4_cp312 (linux-64): BSD-3-Clause 
pyyaml 6.0.1-py312he70551f_1 (win-64): MIT 
pyyaml 6.0.1-py312h104f124_1 (osx-64): MIT 
pyyaml 6.0.1-py312hdd3e373_1 (linux-aarch64): MIT 
pyyaml 6.0.1-py312h02f2b3b_1 (osx-arm64): MIT 
pyyaml 6.0.1-py312h98912ed_1 (linux-64): MIT 
pyyaml 6.0.1-py312he70551f_1 (win-64): MIT 
pyyaml 6.0.1-py312h104f124_1 (osx-64): MIT 
pyyaml 6.0.1-py312hdd3e373_1 (linux-aarch64): MIT 
pyyaml 6.0.1-py312h02f2b3b_1 (osx-arm64): MIT 
pyyaml 6.0.1-py312h98912ed_1 (linux-64): MIT 
readline 8.2-h9e318b2_1 (osx-64): GPL-3.0-only 
readline 8.2-h8fc344f_1 (linux-aarch64): GPL-3.0-only 
readline 8.2-h92ec313_1 (osx-arm64): GPL-3.0-only 
readline 8.2-h8228510_1 (linux-64): GPL-3.0-only 
readline 8.2-h9e318b2_1 (osx-64): GPL-3.0-only 
readline 8.2-h8fc344f_1 (linux-aarch64): GPL-3.0-only 
readline 8.2-h92ec313_1 (osx-arm64): GPL-3.0-only 
readline 8.2-h8228510_1 (linux-64): GPL-3.0-only 
reproc 14.2.4.post0-hcfcfb64_1 (win-64): MIT 
reproc 14.2.4.post0-h10d778d_1 (osx-64): MIT 
reproc 14.2.4.post0-h31becfc_1 (linux-aarch64): MIT 
reproc 14.2.4.post0-h93a5062_1 (osx-arm64): MIT 
reproc 14.2.4.post0-hd590300_1 (linux-64): MIT 
reproc-cpp 14.2.4.post0-h63175ca_1 (win-64): MIT 
reproc-cpp 14.2.4.post0-h93d8f39_1 (osx-64): MIT 
reproc-cpp 14.2.4.post0-h2f0025b_1 (linux-aarch64): MIT 
reproc-cpp 14.2.4.post0-h965bd2d_1 (osx-arm64): MIT 
reproc-cpp 14.2.4.post0-h59595ed_1 (linux-64): MIT 
requests 2.32.3-pyhd8ed1ab_0 (noarch): Apache-2.0 
ruamel.yaml 0.18.6-py312he70551f_0 (win-64): MIT 
ruamel.yaml 0.18.6-py312h41838bb_0 (osx-64): MIT 
ruamel.yaml 0.18.6-py312hdd3e373_0 (linux-aarch64): MIT 
ruamel.yaml 0.18.6-py312he37b823_0 (osx-arm64): MIT 
ruamel.yaml 0.18.6-py312h98912ed_0 (linux-64): MIT 
ruamel.yaml 0.18.6-py312he70551f_0 (win-64): MIT 
ruamel.yaml 0.18.6-py312h41838bb_0 (osx-64): MIT 
ruamel.yaml 0.18.6-py312hdd3e373_0 (linux-aarch64): MIT 
ruamel.yaml 0.18.6-py312he37b823_0 (osx-arm64): MIT 
ruamel.yaml 0.18.6-py312h98912ed_0 (linux-64): MIT 
ruamel.yaml.clib 0.2.8-py312he70551f_0 (win-64): MIT 
ruamel.yaml.clib 0.2.8-py312h41838bb_0 (osx-64): MIT 
ruamel.yaml.clib 0.2.8-py312hdd3e373_0 (linux-aarch64): MIT 
ruamel.yaml.clib 0.2.8-py312he37b823_0 (osx-arm64): MIT 
ruamel.yaml.clib 0.2.8-py312h98912ed_0 (linux-64): MIT 
ruamel.yaml.clib 0.2.8-py312he70551f_0 (win-64): MIT 
ruamel.yaml.clib 0.2.8-py312h41838bb_0 (osx-64): MIT 
ruamel.yaml.clib 0.2.8-py312hdd3e373_0 (linux-aarch64): MIT 
ruamel.yaml.clib 0.2.8-py312he37b823_0 (osx-arm64): MIT 
ruamel.yaml.clib 0.2.8-py312h98912ed_0 (linux-64): MIT 
rust 1.77.2-hf8d6059_1 (win-64): MIT 
rust 1.77.2-h7e1429e_1 (osx-64): MIT 
rust 1.77.2-h9d3d833_1 (linux-aarch64): MIT 
rust 1.77.2-h4ff7c5d_1 (osx-arm64): MIT 
rust 1.77.2-h70c747d_1 (linux-64): MIT 
rust-std-aarch64-apple-darwin 1.77.2-hf6ec828_1 (noarch): MIT 
rust-std-aarch64-unknown-linux-gnu 1.77.2-hbe8e118_1 (noarch): MIT 
rust-std-x86_64-apple-darwin 1.77.2-h38e4360_1 (noarch): MIT 
rust-std-x86_64-pc-windows-msvc 1.77.2-h17fc481_1 (noarch): MIT 
rust-std-x86_64-unknown-linux-gnu 1.77.2-h2c6d0dc_1 (noarch): MIT 
setuptools 70.1.1-pyhd8ed1ab_0 (noarch): MIT 
sysroot_linux-64 2.12-he073ed8_17 (noarch): LGPL-2.0-or-later AND LGPL-2.0-or-later WITH exceptions AND GPL-2.0-or-later AND MPL-2.0 (Non-SPDX)
sysroot_linux-aarch64 2.17-h5b4a56d_14 (noarch): LGPL-2.0-or-later AND LGPL-2.0-or-later WITH exceptions AND GPL-2.0-or-later AND MPL-2.0 (Non-SPDX)
taplo 0.9.1-h7f3b576_0 (win-64): MIT 
taplo 0.9.1-h236d3af_0 (osx-64): MIT 
taplo 0.9.1-hb8f9562_0 (linux-aarch64): MIT 
taplo 0.9.1-h16c8c8b_0 (osx-arm64): MIT 
taplo 0.9.1-h1ff36dd_0 (linux-64): MIT 
taplo 0.9.1-h7f3b576_0 (win-64): MIT 
taplo 0.9.1-h236d3af_0 (osx-64): MIT 
taplo 0.9.1-hb8f9562_0 (linux-aarch64): MIT 
taplo 0.9.1-h16c8c8b_0 (osx-arm64): MIT 
taplo 0.9.1-h1ff36dd_0 (linux-64): MIT 
tk 8.6.13-h5226925_1 (win-64): TCL 
tk 8.6.13-h1abcd95_1 (osx-64): TCL 
tk 8.6.13-h194ca79_0 (linux-aarch64): TCL 
tk 8.6.13-h5083fa2_1 (osx-arm64): TCL 
tk 8.6.13-noxft_h4845f30_101 (linux-64): TCL 
tk 8.6.13-h5226925_1 (win-64): TCL 
tk 8.6.13-h1abcd95_1 (osx-64): TCL 
tk 8.6.13-h194ca79_0 (linux-aarch64): TCL 
tk 8.6.13-h5083fa2_1 (osx-arm64): TCL 
tk 8.6.13-noxft_h4845f30_101 (linux-64): TCL 
tomli 2.0.1-pyhd8ed1ab_0 (noarch): MIT 
tqdm 4.66.4-pyhd8ed1ab_0 (noarch): MPL-2.0 or MIT 
truststore 0.8.0-pyhd8ed1ab_0 (noarch): MIT 
typos 1.22.7-h813c833_0 (win-64): MIT 
typos 1.22.7-h686f776_0 (osx-64): MIT 
typos 1.22.7-h09b8157_0 (linux-aarch64): MIT 
typos 1.22.7-h6e96688_0 (osx-arm64): MIT 
typos 1.22.7-he9194b0_0 (linux-64): MIT 
typos 1.22.7-h813c833_0 (win-64): MIT 
typos 1.22.7-h686f776_0 (osx-64): MIT 
typos 1.22.7-h09b8157_0 (linux-aarch64): MIT 
typos 1.22.7-h6e96688_0 (osx-arm64): MIT 
typos 1.22.7-he9194b0_0 (linux-64): MIT 
tzdata 2024a-h0c530f3_0 (noarch): LicenseRef-Public-Domain 
ucrt 10.0.22621.0-h57928b3_0 (win-64): LicenseRef-Proprietary 
ukkonen 1.0.1-py312h0d7def4_4 (win-64): MIT 
ukkonen 1.0.1-py312h49ebfd2_4 (osx-64): MIT 
ukkonen 1.0.1-py312h8f0b210_4 (linux-aarch64): MIT 
ukkonen 1.0.1-py312h389731b_4 (osx-arm64): MIT 
ukkonen 1.0.1-py312h8572e83_4 (linux-64): MIT 
ukkonen 1.0.1-py312h0d7def4_4 (win-64): MIT 
ukkonen 1.0.1-py312h49ebfd2_4 (osx-64): MIT 
ukkonen 1.0.1-py312h8f0b210_4 (linux-aarch64): MIT 
ukkonen 1.0.1-py312h389731b_4 (osx-arm64): MIT 
ukkonen 1.0.1-py312h8572e83_4 (linux-64): MIT 
urllib3 2.2.2-pyhd8ed1ab_1 (noarch): MIT 
vc 14.3-h8a93ad2_20 (win-64): BSD-3-Clause 
vc14_runtime 14.40.33810-ha82c5b3_20 (win-64): LicenseRef-ProprietaryMicrosoft 
vc14_runtime 14.42.34438-hfd919c2_26 (win-64): LicenseRef-MicrosoftVisualCpp2015-2022Runtime 
vhs 0.7.2-h57928b3_0 (win-64): MIT 
vhs 0.7.2-h694c41f_0 (osx-64): MIT 
vhs 0.7.2-h8af1aa0_0 (linux-aarch64): MIT 
vhs 0.7.2-hce30654_0 (osx-arm64): MIT 
vhs 0.7.2-ha770c72_0 (linux-64): MIT 
virtualenv 20.26.3-pyhd8ed1ab_0 (noarch): MIT 
vs2015_runtime 14.40.33810-h3bf8584_20 (win-64): BSD-3-Clause 
vs2015_runtime 14.42.34438-h7142326_26 (win-64): BSD-3-Clause 
win_inet_pton 1.1.0-pyhd8ed1ab_6 (noarch): PUBLIC-DOMAIN (Non-SPDX)
xz 5.2.6-h8d14728_0 (win-64): LGPL-2.1 and GPL-2.0 
xz 5.2.6-h775f41a_0 (osx-64): LGPL-2.1 and GPL-2.0 
xz 5.2.6-h9cdd2b7_0 (linux-aarch64): LGPL-2.1 and GPL-2.0 
xz 5.2.6-h57fd34a_0 (osx-arm64): LGPL-2.1 and GPL-2.0 
xz 5.2.6-h166bdaf_0 (linux-64): LGPL-2.1 and GPL-2.0 
xz 5.2.6-h8d14728_0 (win-64): LGPL-2.1 and GPL-2.0 
xz 5.2.6-h775f41a_0 (osx-64): LGPL-2.1 and GPL-2.0 
xz 5.2.6-h9cdd2b7_0 (linux-aarch64): LGPL-2.1 and GPL-2.0 
xz 5.2.6-h57fd34a_0 (osx-arm64): LGPL-2.1 and GPL-2.0 
xz 5.2.6-h166bdaf_0 (linux-64): LGPL-2.1 and GPL-2.0 
yaml 0.2.5-h8ffe710_2 (win-64): MIT 
yaml 0.2.5-h0d85af4_2 (osx-64): MIT 
yaml 0.2.5-hf897c2e_2 (linux-aarch64): MIT 
yaml 0.2.5-h3422bc3_2 (osx-arm64): MIT 
yaml 0.2.5-h7f98852_2 (linux-64): MIT 
yaml 0.2.5-h8ffe710_2 (win-64): MIT 
yaml 0.2.5-h0d85af4_2 (osx-64): MIT 
yaml 0.2.5-hf897c2e_2 (linux-aarch64): MIT 
yaml 0.2.5-h3422bc3_2 (osx-arm64): MIT 
yaml 0.2.5-h7f98852_2 (linux-64): MIT 
yaml-cpp 0.8.0-h63175ca_0 (win-64): MIT 
yaml-cpp 0.8.0-he965462_0 (osx-64): MIT 
yaml-cpp 0.8.0-h2f0025b_0 (linux-aarch64): MIT 
yaml-cpp 0.8.0-h13dd4ca_0 (osx-arm64): MIT 
yaml-cpp 0.8.0-h59595ed_0 (linux-64): MIT 
zlib 1.3.1-h87427d6_1 (osx-64): Zlib 
zlib 1.3.1-h68df207_1 (linux-aarch64): Zlib 
zlib 1.3.1-hfb2fe0b_1 (osx-arm64): Zlib 
zlib 1.3.1-h4ab18f5_1 (linux-64): Zlib 
zlib 1.3.1-h87427d6_1 (osx-64): Zlib 
zlib 1.3.1-h68df207_1 (linux-aarch64): Zlib 
zlib 1.3.1-hfb2fe0b_1 (osx-arm64): Zlib 
zlib 1.3.1-h4ab18f5_1 (linux-64): Zlib 
zstandard 0.22.0-py312h7606c53_1 (win-64): BSD-3-Clause 
zstandard 0.22.0-py312h331e495_1 (osx-64): BSD-3-Clause 
zstandard 0.22.0-py312h9fc3309_1 (linux-aarch64): BSD-3-Clause 
zstandard 0.22.0-py312h721a963_1 (osx-arm64): BSD-3-Clause 
zstandard 0.22.0-py312h5b18bf6_1 (linux-64): BSD-3-Clause 
zstd 1.5.6-h0ea2cb4_0 (win-64): BSD-3-Clause 
zstd 1.5.6-h915ae27_0 (osx-64): BSD-3-Clause 
zstd 1.5.6-h02f22dd_0 (linux-aarch64): BSD-3-Clause 
zstd 1.5.6-hb46c0d2_0 (osx-arm64): BSD-3-Clause 
zstd 1.5.6-ha6fb4c9_0 (linux-64): BSD-3-Clause
